Cannot use({ defaultBrowserType }) in a describe group, because it forces a new worker.
Make it top-level in the test file or put in the configuration file.

   at qa_audit.spec.ts:95

  93 |
  94 | test.describe('Uni Folia QA Audit - Mobile', () => {
> 95 |   test.use({ ...devices['iPhone 13'] });
     |        ^
  96 |
  97 |   test('Mobile Menu/Layout Check', async ({ page }) => {
  98 |     await page.goto('/');

[1A[2K
To open last HTML report run:
[36m[39m
[36m  npx playwright show-report[39m
[36m[39m
