
Running 3 tests using 1 worker

  ?? 1 audit.spec.ts:6:3 ??uni folia Performance Regression & UX Audit ??Critical Flow: Onboarding, Dashboard, and lazy-loaded routes (6.1s)
  ?? 2 audit.spec.ts:22:3 ??uni folia Performance Regression & UX Audit ??Critical Flow: React-Router Lazy Loading Fallback (6.1s)
  ?? 3 audit.spec.ts:28:3 ??uni folia Performance Regression & UX Audit ??Critical Flow: Workshop UI features and dependencies loaded (1.3s)


  1) audit.spec.ts:6:3 ??uni folia Performance Regression & UX Audit ??Critical Flow: Onboarding, Dashboard, and lazy-loaded routes 

    Error: [2mexpect([22m[31mpage[39m[2m).[22mtoHaveURL[2m([22m[32mexpected[39m[2m)[22m failed

    Expected pattern: [32m/.*\/auth/[39m
    Received string:  [31m"http://localhost:3001/"[39m
    Timeout: 5000ms

    Call log:
    [2m  - Expect "toHaveURL" with timeout 5000ms[22m
    [2m    9 Ã— unexpected value "http://localhost:3001/"[22m


       9 |     
      10 |     // Auth redirect verification
    > 11 |     await expect(page).toHaveURL(/.*\/auth/);
         |                        ^
      12 |
      13 |     // Simulated login bypass (assuming guest mode or mock)
      14 |     // For this audit script, we'll verify routing mechanisms don't crash the bundle.
        at C:\Users\?„í˜„??Downloads\polio for real\polio for real\frontend\audit.spec.ts:11:24

    Error Context: test-results\audit-uni-folia-Performanc-36a8b-oard-and-lazy-loaded-routes\error-context.md

  2) audit.spec.ts:28:3 ??uni folia Performance Regression & UX Audit ??Critical Flow: Workshop UI features and dependencies loaded 

    Error: [2mexpect([22m[31mlocator[39m[2m).[22mtoBeVisible[2m([22m[2m)[22m failed

    Locator: locator('text=Foli ?‘ì—…??)
    Expected: visible
    Error: strict mode violation: locator('text=Foli ?‘ì—…??) resolved to 2 elements:
        1) <span class="text-[15px]">Foli ?‘ì—…??/span> aka getByRole('link', { name: 'Foli ?‘ì—…??AI ë©˜í† ' })
        2) <h2 class="text-sm font-black text-slate-800">Foli ?‘ì—…??/h2> aka getByRole('heading', { name: 'Foli ?‘ì—…?? })

    Call log:
    [2m  - Expect "toBeVisible" with timeout 5000ms[22m
    [2m  - waiting for locator('text=Foli ?‘ì—…??)[22m


      31 |     
      32 |     // 1. Verify Workshop structure loaded seamlessly
    > 33 |     await expect(page.locator('text=Foli ?‘ì—…??)).toBeVisible();
         |                                                 ^
      34 |
      35 |     // 2. Chat Input exists and accepts characters cleanly
      36 |     const input = page.locator('input[placeholder="ë©”ì‹œì§€ë¥??…ë ¥?˜ì„¸??.."]');
        at C:\Users\?„í˜„??Downloads\polio for real\polio for real\frontend\audit.spec.ts:33:49

    Error Context: test-results\audit-uni-folia-Performanc-fab1d-res-and-dependencies-loaded\error-context.md

  2 failed
    audit.spec.ts:6:3 ??uni folia Performance Regression & UX Audit ??Critical Flow: Onboarding, Dashboard, and lazy-loaded routes 
    audit.spec.ts:28:3 ??uni folia Performance Regression & UX Audit ??Critical Flow: Workshop UI features and dependencies loaded 
  1 passed (21.3s)

